
Memory Configuration

Name             Origin             Length             Attributes
flash            0x08000000         0x00020000         xr
sram             0x20000000         0x00005000         xrw
*default*        0x00000000         0xffffffff

Linker script and memory map


.text           0x08000000      0x140
 *(.vectors*)
 .vectors       0x08000000       0x38 Startup.o
                0x08000000                Vector
 *(.text*)
 .text          0x08000038       0x78 main.o
                0x08000038                main
 .text          0x080000b0       0x90 Startup.o
                0x080000b0                IRQ0_Handler
                0x080000b0                PendSV_Handler
                0x080000b0                NMI_Handler
                0x080000b0                Sys_Tick_Handler
                0x080000b0                Bus_Fault_Handler
                0x080000b0                MM_Fault_Handler
                0x080000b0                SV_call_Handler
                0x080000b0                Default_Handler
                0x080000b0                IRQ2_Handler
                0x080000b0                Debug_reserved_Handler
                0x080000b0                IRQ1_Handler
                0x080000b0                Usage_Fault_Handler
                0x080000b0                Hard_Fault_Handler
                0x080000bc                Reset_Handler
                0x08000140                _E_TEXT = .

.glue_7         0x08000140        0x0
 .glue_7        0x08000140        0x0 linker stubs

.glue_7t        0x08000140        0x0
 .glue_7t       0x08000140        0x0 linker stubs

.vfp11_veneer   0x08000140        0x0
 .vfp11_veneer  0x08000140        0x0 linker stubs

.v4_bx          0x08000140        0x0
 .v4_bx         0x08000140        0x0 linker stubs

.iplt           0x08000140        0x0
 .iplt          0x08000140        0x0 main.o

.rel.dyn        0x08000140        0x0
 .rel.iplt      0x08000140        0x0 main.o

.data           0x20000000        0x4 load address 0x08000140
                0x20000000                _S_DATA = .
 *(.data*)
 .data          0x20000000        0x4 main.o
                0x20000000                R_ODR
 .data          0x20000004        0x0 Startup.o
                0x20000004                . = ALIGN (0x4)
                0x20000004                _E_DATA = .

.igot.plt       0x20000004        0x0 load address 0x08000144
 .igot.plt      0x20000004        0x0 main.o

.bss            0x20000004     0x1000 load address 0x08000144
                0x20000004                _S_BSS = .
 *(.bss)
 .bss           0x20000004        0x0 main.o
 .bss           0x20000004        0x0 Startup.o
                0x20000004                . = ALIGN (0x4)
                0x20000004                _E_BSS = .
                0x20001004                . = (. + 0x1000)
 *fill*         0x20000004     0x1000 
                0x20001004                _stack_top = .

.rodata
 *(.rodata*)
LOAD main.o
LOAD Startup.o
OUTPUT(Lab2.elf elf32-littlearm)

.debug_info     0x00000000      0x2ed
 .debug_info    0x00000000      0x147 main.o
 .debug_info    0x00000147      0x1a6 Startup.o

.debug_abbrev   0x00000000      0x1b4
 .debug_abbrev  0x00000000       0xde main.o
 .debug_abbrev  0x000000de       0xd6 Startup.o

.debug_loc      0x00000000       0xb4
 .debug_loc     0x00000000       0x38 main.o
 .debug_loc     0x00000038       0x7c Startup.o

.debug_aranges  0x00000000       0x40
 .debug_aranges
                0x00000000       0x20 main.o
 .debug_aranges
                0x00000020       0x20 Startup.o

.debug_line     0x00000000      0x1a8
 .debug_line    0x00000000       0x6a main.o
 .debug_line    0x0000006a      0x13e Startup.o

.debug_str      0x00000000      0x209
 .debug_str     0x00000000      0x175 main.o
                                0x193 (size before relaxing)
 .debug_str     0x00000175       0x94 Startup.o
                                0x1fe (size before relaxing)

.comment        0x00000000       0x7e
 .comment       0x00000000       0x7e main.o
                                 0x7f (size before relaxing)
 .comment       0x0000007e       0x7f Startup.o

.ARM.attributes
                0x00000000       0x33
 .ARM.attributes
                0x00000000       0x33 main.o
 .ARM.attributes
                0x00000033       0x33 Startup.o

.debug_frame    0x00000000       0x7c
 .debug_frame   0x00000000       0x2c main.o
 .debug_frame   0x0000002c       0x50 Startup.o
